// Jest Snapshot v1, https://goo.gl/fbAQLP

exports[`navbar component should render correctly 1`] = `
<div
  className="screen"
>
  0
</div>
`;
